
USER@DESKTOP-5K1U0DE MINGW64 ~/OneDrive/Desktop/test
$ code.
bash: code.: command not found

USER@DESKTOP-5K1U0DE MINGW64 ~/OneDrive/Desktop/test
$ code .

USER@DESKTOP-5K1U0DE MINGW64 ~/OneDrive/Desktop/test
$ git init
Initialized empty Git repository in C:/Users/USER/OneDrive/Desktop/test/.git/

USER@DESKTOP-5K1U0DE MINGW64 ~/OneDrive/Desktop/test (master)
$ ls -lart
total 13
drwxr-xr-x 1 USER 197121 0 Dec 14 17:42 ../
-rw-r--r-- 1 USER 197121 4 Dec 14 17:42 1.txt
drwxr-xr-x 1 USER 197121 0 Dec 14 23:07 ./
drwxr-xr-x 1 USER 197121 0 Dec 14 23:07 .git/

USER@DESKTOP-5K1U0DE MINGW64 ~/OneDrive/Desktop/test (master)
$ git status
On branch master

No commits yet

Untracked files:
  (use "git add <file>..." to include in what will be committed)
        1.txt

nothing added to commit but untracked files present (use "git add" to track)

USER@DESKTOP-5K1U0DE MINGW64 ~/OneDrive/Desktop/test (master)
$ touch first.txt

USER@DESKTOP-5K1U0DE MINGW64 ~/OneDrive/Desktop/test (master)
$ git add first.txt

USER@DESKTOP-5K1U0DE MINGW64 ~/OneDrive/Desktop/test (master)
$ git status
On branch master

No commits yet

Changes to be committed:
  (use "git rm --cached <file>..." to unstage)
        new file:   first.txt

Untracked files:
  (use "git add <file>..." to include in what will be committed)
        1.txt


USER@DESKTOP-5K1U0DE MINGW64 ~/OneDrive/Desktop/test (master)
$ git add 1.txt

USER@DESKTOP-5K1U0DE MINGW64 ~/OneDrive/Desktop/test (master)
$ git status
On branch master

No commits yet

Changes to be committed:
  (use "git rm --cached <file>..." to unstage)
        new file:   1.txt
        new file:   first.txt


USER@DESKTOP-5K1U0DE MINGW64 ~/OneDrive/Desktop/test (master)
$ git commit -m"adding first.txt"
[master (root-commit) 1376688] adding first.txt
 2 files changed, 1 insertion(+)
 create mode 100644 1.txt
 create mode 100644 first.txt

USER@DESKTOP-5K1U0DE MINGW64 ~/OneDrive/Desktop/test (master)
$ git log
commit 1376688d28bd350e581159faa240849125165db7 (HEAD -> master)
Author: Sanskar <sanskarssharma9@gmail.com>
Date:   Sat Dec 14 23:48:56 2024 +0530

    adding first.txt

USER@DESKTOP-5K1U0DE MINGW64 ~/OneDrive/Desktop/test (master)
$ touch second.txt

USER@DESKTOP-5K1U0DE MINGW64 ~/OneDrive/Desktop/test (master)
$ git add second.txt

USER@DESKTOP-5K1U0DE MINGW64 ~/OneDrive/Desktop/test (master)
$ git status
On branch master
Changes to be committed:
  (use "git restore --staged <file>..." to unstage)
        new file:   second.txt


USER@DESKTOP-5K1U0DE MINGW64 ~/OneDrive/Desktop/test (master)
$ git commit -m"adding second.txt"
[master 1b7e2bd] adding second.txt
 1 file changed, 0 insertions(+), 0 deletions(-)
 create mode 100644 second.txt

USER@DESKTOP-5K1U0DE MINGW64 ~/OneDrive/Desktop/test (master)
$ git log
commit 1b7e2bd108adcb1dd4891a086ee408dccfbe431c (HEAD -> master)
Author: Sanskar <sanskarssharma9@gmail.com>
Date:   Sat Dec 14 23:51:39 2024 +0530

    adding second.txt

commit 1376688d28bd350e581159faa240849125165db7
Author: Sanskar <sanskarssharma9@gmail.com>
Date:   Sat Dec 14 23:48:56 2024 +0530

    adding first.txt

USER@DESKTOP-5K1U0DE MINGW64 ~/OneDrive/Desktop/test (master)
$ git rm first.txt
rm 'first.txt'

USER@DESKTOP-5K1U0DE MINGW64 ~/OneDrive/Desktop/test (master)
$ git status
On branch master
Changes to be committed:
  (use "git restore --staged <file>..." to unstage)
        deleted:    first.txt


USER@DESKTOP-5K1U0DE MINGW64 ~/OneDrive/Desktop/test (master)
$ git commit -m"removing first.txt"
[master 03a2c5b] removing first.txt
 1 file changed, 0 insertions(+), 0 deletions(-)
 delete mode 100644 first.txt

USER@DESKTOP-5K1U0DE MINGW64 ~/OneDrive/Desktop/test (master)
$ git log
commit 03a2c5b4ca798f05f374304dd64a07f3db2287e9 (HEAD -> master)
Author: Sanskar <sanskarssharma9@gmail.com>
Date:   Sat Dec 14 23:55:00 2024 +0530

    removing first.txt

commit 1b7e2bd108adcb1dd4891a086ee408dccfbe431c
Author: Sanskar <sanskarssharma9@gmail.com>
Date:   Sat Dec 14 23:51:39 2024 +0530

    adding second.txt

commit 1376688d28bd350e581159faa240849125165db7
Author: Sanskar <sanskarssharma9@gmail.com>
Date:   Sat Dec 14 23:48:56 2024 +0530

    adding first.txt

USER@DESKTOP-5K1U0DE MINGW64 ~/OneDrive/Desktop/test (master)
$ git remote add origin https://github.com/Sanskar20214/Sanskar_sharma_git_wt.git

USER@DESKTOP-5K1U0DE MINGW64 ~/OneDrive/Desktop/test (master)
$ git push -u origin master
remote: Invalid username or password.
fatal: Authentication failed for 'https://github.com/Sanskar20214/Sanskar_sharma_git_wt.git/
'

USER@DESKTOP-5K1U0DE MINGW64 ~/OneDrive/Desktop/test (master)
$ git remote add origin https://github.com/Sanskar20214/Sanskar_sharma_git_wt.git
git branch -M main
git push -u origin main
error: remote origin already exists.
info: please complete authentication in your browser...
Enumerating objects: 8, done.
Counting objects: 100% (8/8), done.
Delta compression using up to 8 threads
Compressing objects: 100% (6/6), done.
Writing objects: 100% (8/8), 677 bytes | 169.00 KiB/s, done.
Total 8 (delta 1), reused 0 (delta 0), pack-reused 0 (from 0)
remote: Resolving deltas: 100% (1/1), done.
To https://github.com/Sanskar20214/Sanskar_sharma_git_wt.git
 * [new branch]      main -> main
branch 'main' set up to track 'origin/main'.

USER@DESKTOP-5K1U0DE MINGW64 ~/OneDrive/Desktop/test (main)
$
